STEP translation to Solid Edge
Date: Saturday,August 10,2024 02:33PM
Source File: C:\Users\antho\Documents\StreamerDac Project\Documents\kicad\Streamer schematic\ControlBoardTiny\tinyControlBoard\tinyControlBoard.step
Author: Pcbnew
Organization: Kicad
Source System: KiCad to STEP converter

Hardware:
Processor: Intel(R) Core(TM) i7-6700K CPU @ 4.00GHz
Operating System: Windows 10 Professional Version:22H2 Build:19045 System Type:64-bit
Installed Memory: 31.92 GB

Software Information
Parasolid Version: 36.0.142
PSBodyShop Version: 36.0.108
Step Adapter Version: 13.0.163
Solid Edge Version: 224.00.00.101 x64

Step Import Options
Import Faceted Bodies: On
Import Check Bodies: Off
Import Curves: On
Import DoNotSave: On
Import Multiple Bodies As Single Part File: On
Import Optimize:Off
Import Stitch Surfaces: On
Import Boolean Solids: On
Make Base Feature: On
Simplify Geometry: On
Import Imprint Curves: On
Import Drive: C:
Import Stitch Surfaces: On
Import Surfaces: On
Import Output Path: C:\Users\antho\Documents\StreamerDac Project\Documents\kicad\Streamer schematic\ControlBoardTiny\tinyControlBoard
Import Enable Default Output Path: On
Import PMI: Off
Import As Internal Components: Off
Import Path: 

Translating to Parasolid data types...
Warn: PSF_INVALID_COLORS
Warn: PSF_INVALID_COLORS
Warn: PSF_INVALID_COLORS
Warn: PSF_INVALID_COLORS
Warn: PSF_INVALID_COLORS
Warn: PSF_INVALID_COLORS
Warn: PSF_INVALID_COLORS
Warn: PSF_INVALID_COLORS
Warn: PSF_INVALID_COLORS
Warn: PSF_INVALID_COLORS
Warn: PSF_INVALID_COLORS
Warn: PSF_INVALID_COLORS
Warn: PSF_INVALID_COLORS
Warn: PSF_INVALID_COLORS
Warn: PSF_INVALID_COLORS
Warn: PSF_INVALID_COLORS
Warn: PSF_INVALID_COLORS
Warn: PSF_INVALID_COLORS
Warn: PSF_INVALID_COLORS
Warn: PSF_INVALID_COLORS
Warn: PSF_INVALID_COLORS
Warn: PSF_INVALID_COLORS
Warn: PSF_INVALID_COLORS
Warn: PSF_INVALID_COLORS
Warn: PSF_INVALID_COLORS
Warn: PSF_INVALID_COLORS
Warn: PSF_INVALID_COLORS
Warn: PSF_INVALID_COLORS
Warn: PSF_INVALID_COLORS
Warn: PSF_INVALID_COLORS
Warn: PSF_INVALID_COLORS
Warn: PSF_INVALID_COLORS
Warn: PSF_INVALID_COLORS
Warn: PSF_INVALID_COLORS
Warn: PSF_INVALID_COLORS
Warn: PSF_INVALID_COLORS
Warn: PSF_INVALID_COLORS
Warn: PSF_INVALID_COLORS
Warn: PSF_INVALID_COLORS
Warn: PSF_INVALID_COLORS
Warn: PSF_INVALID_COLORS
Warn: PSF_INVALID_COLORS
Warn: PSF_INVALID_COLORS
Warn: PSF_INVALID_COLORS
Warn: PSF_INVALID_COLORS
Warn: PSF_INVALID_COLORS
Warn: PSF_INVALID_COLORS
Warn: PSF_INVALID_COLORS
Warn: PSF_INVALID_COLORS
Warn: PSF_INVALID_COLORS
Warn: PSF_INVALID_COLORS
Warn: PSF_INVALID_COLORS
Warn: PSF_INVALID_COLORS
Warn: PSF_INVALID_COLORS
Warn: PSF_INVALID_COLORS
Warn: PSF_INVALID_COLORS
Warn: PSF_INVALID_COLORS
Warn: PSF_INVALID_COLORS
Warn: PSF_INVALID_COLORS
Warn: PSF_INVALID_COLORS
Warn: PSF_INVALID_COLORS
Warn: PSF_INVALID_COLORS
Warn: PSF_INVALID_COLORS
Warn: PSF_INVALID_COLORS
Warn: PSF_INVALID_COLORS
Warn: PSF_INVALID_COLORS
Warn: PSF_INVALID_COLORS
Warn: PSF_INVALID_COLORS
Warn: PSF_INVALID_COLORS
Warn: PSF_INVALID_COLORS
Warn: PSF_INVALID_COLORS
Warn: PSF_INVALID_COLORS
Warn: PSF_INVALID_COLORS
Warn: PSF_INVALID_COLORS
Warn: PSF_INVALID_COLORS
Warn: PSF_INVALID_COLORS
Warn: PSF_INVALID_COLORS
Warn: PSF_INVALID_COLORS
Warn: PSF_INVALID_COLORS
Warn: PSF_INVALID_COLORS
+Begin Assembly: 1
+Created SE Assembly File C:\Users\antho\Documents\StreamerDac Project\Documents\kicad\Streamer schematic\ControlBoardTiny\tinyControlBoard\tinyControlBoard.asm
|--+Begin Assembly: 2
|--+Created SE Assembly File C:\Users\antho\Documents\StreamerDac Project\Documents\kicad\Streamer schematic\ControlBoardTiny\tinyControlBoard\R_0603_1608Metric_0.asm
|  |--+Created SE Part File C:\Users\antho\Documents\StreamerDac Project\Documents\kicad\Streamer schematic\ControlBoardTiny\tinyControlBoard\R_0603_1608Metric_0.par
|--+Total Parts: 2
|--+Assemblies: 0
|--+Solid Bodies: 2
|--+Sheet Bodies: 0
|--+End Assembly: 2
|--+Begin Assembly: 2
|--+Reusing File C:\Users\antho\Documents\StreamerDac Project\Documents\kicad\Streamer schematic\ControlBoardTiny\tinyControlBoard\R_0603_1608Metric.asm
|--+Total Parts: 0
|--+Assemblies: 0
|--+Solid Bodies: 0
|--+Sheet Bodies: 0
|--+End Assembly: 2
|--+Begin Assembly: 2
|--+Created SE Assembly File C:\Users\antho\Documents\StreamerDac Project\Documents\kicad\Streamer schematic\ControlBoardTiny\tinyControlBoard\LED_0805_2012Metric_0.asm
|  |--+Created SE Part File C:\Users\antho\Documents\StreamerDac Project\Documents\kicad\Streamer schematic\ControlBoardTiny\tinyControlBoard\LED_0805_2012Metric_0.par
|--+Total Parts: 2
|--+Assemblies: 0
|--+Solid Bodies: 2
|--+Sheet Bodies: 0
|--+End Assembly: 2
|--+Begin Assembly: 2
|--+Created SE Assembly File C:\Users\antho\Documents\StreamerDac Project\Documents\kicad\Streamer schematic\ControlBoardTiny\tinyControlBoard\C_0603_1608Metric_0.asm
|  |--+Created SE Part File C:\Users\antho\Documents\StreamerDac Project\Documents\kicad\Streamer schematic\ControlBoardTiny\tinyControlBoard\C_0603_1608Metric_0.par
|--+Total Parts: 2
|--+Assemblies: 0
|--+Solid Bodies: 2
|--+Sheet Bodies: 0
|--+End Assembly: 2
|--+Begin Assembly: 2
|--+Reusing File C:\Users\antho\Documents\StreamerDac Project\Documents\kicad\Streamer schematic\ControlBoardTiny\tinyControlBoard\C_0603_1608Metric.asm
|--+Total Parts: 0
|--+Assemblies: 0
|--+Solid Bodies: 0
|--+Sheet Bodies: 0
|--+End Assembly: 2
|--+Begin Assembly: 2
|--+Reusing File C:\Users\antho\Documents\StreamerDac Project\Documents\kicad\Streamer schematic\ControlBoardTiny\tinyControlBoard\C_0603_1608Metric.asm
|--+Total Parts: 0
|--+Assemblies: 0
|--+Solid Bodies: 0
|--+Sheet Bodies: 0
|--+End Assembly: 2
|--+Begin Assembly: 2
|--+Created SE Assembly File C:\Users\antho\Documents\StreamerDac Project\Documents\kicad\Streamer schematic\ControlBoardTiny\tinyControlBoard\R_0402_1005Metric_0.asm
|  |--+Created SE Part File C:\Users\antho\Documents\StreamerDac Project\Documents\kicad\Streamer schematic\ControlBoardTiny\tinyControlBoard\R_0402_1005Metric_0.par
|--+Total Parts: 2
|--+Assemblies: 0
|--+Solid Bodies: 2
|--+Sheet Bodies: 0
|--+End Assembly: 2
|--+Begin Assembly: 2
|--+Created SE Assembly File C:\Users\antho\Documents\StreamerDac Project\Documents\kicad\Streamer schematic\ControlBoardTiny\tinyControlBoard\SGM2212-3.3XKC3G_TR_0.asm
|  |--+Created SE Part File C:\Users\antho\Documents\StreamerDac Project\Documents\kicad\Streamer schematic\ControlBoardTiny\tinyControlBoard\ASSEMBLY_4.par
|--+Total Parts: 10
|--+Assemblies: 0
|--+Solid Bodies: 10
|--+Sheet Bodies: 0
|--+End Assembly: 2
|--+Begin Assembly: 2
|--+Reusing File C:\Users\antho\Documents\StreamerDac Project\Documents\kicad\Streamer schematic\ControlBoardTiny\tinyControlBoard\R_0603_1608Metric.asm
|--+Total Parts: 0
|--+Assemblies: 0
|--+Solid Bodies: 0
|--+Sheet Bodies: 0
|--+End Assembly: 2
|--+Begin Assembly: 2
|--+Created SE Assembly File C:\Users\antho\Documents\StreamerDac Project\Documents\kicad\Streamer schematic\ControlBoardTiny\tinyControlBoard\MAX3001EAUP+_0.asm
|  |--+Created SE Part File C:\Users\antho\Documents\StreamerDac Project\Documents\kicad\Streamer schematic\ControlBoardTiny\tinyControlBoard\ASSEMBLY_5.par
|--+Total Parts: 42
|--+Assemblies: 0
|--+Solid Bodies: 42
|--+Sheet Bodies: 0
|--+End Assembly: 2
|--+Begin Assembly: 2
|--+Reusing File C:\Users\antho\Documents\StreamerDac Project\Documents\kicad\Streamer schematic\ControlBoardTiny\tinyControlBoard\R_0603_1608Metric.asm
|--+Total Parts: 0
|--+Assemblies: 0
|--+Solid Bodies: 0
|--+Sheet Bodies: 0
|--+End Assembly: 2
|--+Begin Assembly: 2
|--+Created SE Assembly File C:\Users\antho\Documents\StreamerDac Project\Documents\kicad\Streamer schematic\ControlBoardTiny\tinyControlBoard\1725672_0.asm
|  |--+Created SE Part File C:\Users\antho\Documents\StreamerDac Project\Documents\kicad\Streamer schematic\ControlBoardTiny\tinyControlBoard\1725672_0.par
|--+Total Parts: 2
|--+Assemblies: 0
|--+Solid Bodies: 2
|--+Sheet Bodies: 0
|--+End Assembly: 2
|--+Begin Assembly: 2
|--+Reusing File C:\Users\antho\Documents\StreamerDac Project\Documents\kicad\Streamer schematic\ControlBoardTiny\tinyControlBoard\R_0603_1608Metric.asm
|--+Total Parts: 0
|--+Assemblies: 0
|--+Solid Bodies: 0
|--+Sheet Bodies: 0
|--+End Assembly: 2
|--+Begin Assembly: 2
|--+Created SE Assembly File C:\Users\antho\Documents\StreamerDac Project\Documents\kicad\Streamer schematic\ControlBoardTiny\tinyControlBoard\EG1206A_0.asm
|  |--+Created SE Part File C:\Users\antho\Documents\StreamerDac Project\Documents\kicad\Streamer schematic\ControlBoardTiny\tinyControlBoard\EG1206A_0.par
|--+Total Parts: 12
|--+Assemblies: 0
|--+Solid Bodies: 12
|--+Sheet Bodies: 0
|--+End Assembly: 2
|--+Begin Assembly: 2
|--+Reusing File C:\Users\antho\Documents\StreamerDac Project\Documents\kicad\Streamer schematic\ControlBoardTiny\tinyControlBoard\R_0603_1608Metric.asm
|--+Total Parts: 0
|--+Assemblies: 0
|--+Solid Bodies: 0
|--+Sheet Bodies: 0
|--+End Assembly: 2
|--+Begin Assembly: 2
|--+Reusing File C:\Users\antho\Documents\StreamerDac Project\Documents\kicad\Streamer schematic\ControlBoardTiny\tinyControlBoard\R_0603_1608Metric.asm
|--+Total Parts: 0
|--+Assemblies: 0
|--+Solid Bodies: 0
|--+Sheet Bodies: 0
|--+End Assembly: 2
|--+Begin Assembly: 2
|--+Reusing File C:\Users\antho\Documents\StreamerDac Project\Documents\kicad\Streamer schematic\ControlBoardTiny\tinyControlBoard\LED_0805_2012Metric.asm
|--+Total Parts: 0
|--+Assemblies: 0
|--+Solid Bodies: 0
|--+Sheet Bodies: 0
|--+End Assembly: 2
|--+Begin Assembly: 2
|--+Reusing File C:\Users\antho\Documents\StreamerDac Project\Documents\kicad\Streamer schematic\ControlBoardTiny\tinyControlBoard\C_0603_1608Metric.asm
|--+Total Parts: 0
|--+Assemblies: 0
|--+Solid Bodies: 0
|--+Sheet Bodies: 0
|--+End Assembly: 2
|--+Begin Assembly: 2
|--+Reusing File C:\Users\antho\Documents\StreamerDac Project\Documents\kicad\Streamer schematic\ControlBoardTiny\tinyControlBoard\MAX3001EAUP+.asm
|--+Total Parts: 0
|--+Assemblies: 0
|--+Solid Bodies: 0
|--+Sheet Bodies: 0
|--+End Assembly: 2
|--+Begin Assembly: 2
|--+Reusing File C:\Users\antho\Documents\StreamerDac Project\Documents\kicad\Streamer schematic\ControlBoardTiny\tinyControlBoard\C_0603_1608Metric.asm
|--+Total Parts: 0
|--+Assemblies: 0
|--+Solid Bodies: 0
|--+Sheet Bodies: 0
|--+End Assembly: 2
|--+Begin Assembly: 2
|--+Reusing File C:\Users\antho\Documents\StreamerDac Project\Documents\kicad\Streamer schematic\ControlBoardTiny\tinyControlBoard\C_0603_1608Metric.asm
|--+Total Parts: 0
|--+Assemblies: 0
|--+Solid Bodies: 0
|--+Sheet Bodies: 0
|--+End Assembly: 2
|--+Begin Assembly: 2
|--+Reusing File C:\Users\antho\Documents\StreamerDac Project\Documents\kicad\Streamer schematic\ControlBoardTiny\tinyControlBoard\R_0402_1005Metric.asm
|--+Total Parts: 0
|--+Assemblies: 0
|--+Solid Bodies: 0
|--+Sheet Bodies: 0
|--+End Assembly: 2
|--+Begin Assembly: 2
|--+Reusing File C:\Users\antho\Documents\StreamerDac Project\Documents\kicad\Streamer schematic\ControlBoardTiny\tinyControlBoard\C_0603_1608Metric.asm
|--+Total Parts: 0
|--+Assemblies: 0
|--+Solid Bodies: 0
|--+Sheet Bodies: 0
|--+End Assembly: 2
|--+Begin Assembly: 2
|--+Created SE Assembly File C:\Users\antho\Documents\StreamerDac Project\Documents\kicad\Streamer schematic\ControlBoardTiny\tinyControlBoard\TC33X-2-502G_0.asm
|  |--+Created SE Part File C:\Users\antho\Documents\StreamerDac Project\Documents\kicad\Streamer schematic\ControlBoardTiny\tinyControlBoard\TC33X-2-103E_0.par
|--+Total Parts: 16
|--+Assemblies: 0
|--+Solid Bodies: 16
|--+Sheet Bodies: 0
|--+End Assembly: 2
|--+Begin Assembly: 2
|--+Created SE Assembly File C:\Users\antho\Documents\StreamerDac Project\Documents\kicad\Streamer schematic\ControlBoardTiny\tinyControlBoard\SOT-23-6_0.asm
|  |--+Created SE Part File C:\Users\antho\Documents\StreamerDac Project\Documents\kicad\Streamer schematic\ControlBoardTiny\tinyControlBoard\SOT_23_6_0.par
|--+Total Parts: 2
|--+Assemblies: 0
|--+Solid Bodies: 2
|--+Sheet Bodies: 0
|--+End Assembly: 2
|--+Begin Assembly: 2
|--+Reusing File C:\Users\antho\Documents\StreamerDac Project\Documents\kicad\Streamer schematic\ControlBoardTiny\tinyControlBoard\1725672.asm
|--+Total Parts: 0
|--+Assemblies: 0
|--+Solid Bodies: 0
|--+Sheet Bodies: 0
|--+End Assembly: 2
|--+Begin Assembly: 2
|--+Created SE Assembly File C:\Users\antho\Documents\StreamerDac Project\Documents\kicad\Streamer schematic\ControlBoardTiny\tinyControlBoard\ESP32-S3-WROOM-1U-N4.asm
|  |--+Created SE Part File C:\Users\antho\Documents\StreamerDac Project\Documents\kicad\Streamer schematic\ControlBoardTiny\tinyControlBoard\ESP32-S3-WROOM-1U-N16R8.par
|--+Total Parts: 112
|--+Assemblies: 0
|--+Solid Bodies: 112
|--+Sheet Bodies: 0
|--+End Assembly: 2
|--+Begin Assembly: 2
|--+Reusing File C:\Users\antho\Documents\StreamerDac Project\Documents\kicad\Streamer schematic\ControlBoardTiny\tinyControlBoard\R_0603_1608Metric.asm
|--+Total Parts: 0
|--+Assemblies: 0
|--+Solid Bodies: 0
|--+Sheet Bodies: 0
|--+End Assembly: 2
|--+Begin Assembly: 2
|--+Created SE Assembly File C:\Users\antho\Documents\StreamerDac Project\Documents\kicad\Streamer schematic\ControlBoardTiny\tinyControlBoard\MCP23018-E_SO_0.asm
|  |--+Created SE Part File C:\Users\antho\Documents\StreamerDac Project\Documents\kicad\Streamer schematic\ControlBoardTiny\tinyControlBoard\ASSEMBLY_6.par
|--+Total Parts: 58
|--+Assemblies: 0
|--+Solid Bodies: 58
|--+Sheet Bodies: 0
|--+End Assembly: 2
|--+Begin Assembly: 2
|--+Reusing File C:\Users\antho\Documents\StreamerDac Project\Documents\kicad\Streamer schematic\ControlBoardTiny\tinyControlBoard\R_0603_1608Metric.asm
|--+Total Parts: 0
|--+Assemblies: 0
|--+Solid Bodies: 0
|--+Sheet Bodies: 0
|--+End Assembly: 2
|--+Begin Assembly: 2
|--+Created SE Assembly File C:\Users\antho\Documents\StreamerDac Project\Documents\kicad\Streamer schematic\ControlBoardTiny\tinyControlBoard\70246-4001_0.asm
|  |--+Created SE Part File C:\Users\antho\Documents\StreamerDac Project\Documents\kicad\Streamer schematic\ControlBoardTiny\tinyControlBoard\702464001_0.par
|--+Total Parts: 2
|--+Assemblies: 0
|--+Solid Bodies: 2
|--+Sheet Bodies: 0
|--+End Assembly: 2
|--+Begin Assembly: 2
|--+Created SE Assembly File C:\Users\antho\Documents\StreamerDac Project\Documents\kicad\Streamer schematic\ControlBoardTiny\tinyControlBoard\430182043816_0.asm
|  |--+Created SE Part File C:\Users\antho\Documents\StreamerDac Project\Documents\kicad\Streamer schematic\ControlBoardTiny\tinyControlBoard\430182043816 (rev1)_0.par
|--+Total Parts: 2
|--+Assemblies: 0
|--+Solid Bodies: 2
|--+Sheet Bodies: 0
|--+End Assembly: 2
|--+Begin Assembly: 2
|--+Reusing File C:\Users\antho\Documents\StreamerDac Project\Documents\kicad\Streamer schematic\ControlBoardTiny\tinyControlBoard\C_0603_1608Metric.asm
|--+Total Parts: 0
|--+Assemblies: 0
|--+Solid Bodies: 0
|--+Sheet Bodies: 0
|--+End Assembly: 2
|--+Begin Assembly: 2
|--+Reusing File C:\Users\antho\Documents\StreamerDac Project\Documents\kicad\Streamer schematic\ControlBoardTiny\tinyControlBoard\C_0603_1608Metric.asm
|--+Total Parts: 0
|--+Assemblies: 0
|--+Solid Bodies: 0
|--+Sheet Bodies: 0
|--+End Assembly: 2
|--+Begin Assembly: 2
|--+Reusing File C:\Users\antho\Documents\StreamerDac Project\Documents\kicad\Streamer schematic\ControlBoardTiny\tinyControlBoard\430182043816.asm
|--+Total Parts: 0
|--+Assemblies: 0
|--+Solid Bodies: 0
|--+Sheet Bodies: 0
|--+End Assembly: 2
|--+Begin Assembly: 2
|--+Created SE Assembly File C:\Users\antho\Documents\StreamerDac Project\Documents\kicad\Streamer schematic\ControlBoardTiny\tinyControlBoard\ULN2003ANSRE4_0.asm
|  |--+Created SE Part File C:\Users\antho\Documents\StreamerDac Project\Documents\kicad\Streamer schematic\ControlBoardTiny\tinyControlBoard\NS0016A_ASM_0.par
|--+Total Parts: 34
|--+Assemblies: 0
|--+Solid Bodies: 34
|--+Sheet Bodies: 0
|--+End Assembly: 2
|--+Begin Assembly: 2
|--+Reusing File C:\Users\antho\Documents\StreamerDac Project\Documents\kicad\Streamer schematic\ControlBoardTiny\tinyControlBoard\R_0603_1608Metric.asm
|--+Total Parts: 0
|--+Assemblies: 0
|--+Solid Bodies: 0
|--+Sheet Bodies: 0
|--+End Assembly: 2
|--+Begin Assembly: 2
|--+Reusing File C:\Users\antho\Documents\StreamerDac Project\Documents\kicad\Streamer schematic\ControlBoardTiny\tinyControlBoard\R_0603_1608Metric.asm
|--+Total Parts: 0
|--+Assemblies: 0
|--+Solid Bodies: 0
|--+Sheet Bodies: 0
|--+End Assembly: 2
|--+Begin Assembly: 2
|--+Reusing File C:\Users\antho\Documents\StreamerDac Project\Documents\kicad\Streamer schematic\ControlBoardTiny\tinyControlBoard\R_0603_1608Metric.asm
|--+Total Parts: 0
|--+Assemblies: 0
|--+Solid Bodies: 0
|--+Sheet Bodies: 0
|--+End Assembly: 2
|--+Begin Assembly: 2
|--+Reusing File C:\Users\antho\Documents\StreamerDac Project\Documents\kicad\Streamer schematic\ControlBoardTiny\tinyControlBoard\LED_0805_2012Metric.asm
|--+Total Parts: 0
|--+Assemblies: 0
|--+Solid Bodies: 0
|--+Sheet Bodies: 0
|--+End Assembly: 2
|--+Begin Assembly: 2
|--+Created SE Assembly File C:\Users\antho\Documents\StreamerDac Project\Documents\kicad\Streamer schematic\ControlBoardTiny\tinyControlBoard\STP16CPC26MTR_0.asm
|  |--+Created SE Part File C:\Users\antho\Documents\StreamerDac Project\Documents\kicad\Streamer schematic\ControlBoardTiny\tinyControlBoard\ASSEMBLY_7.par
|--+Total Parts: 50
|--+Assemblies: 0
|--+Solid Bodies: 50
|--+Sheet Bodies: 0
|--+End Assembly: 2
|--+Begin Assembly: 2
|--+Reusing File C:\Users\antho\Documents\StreamerDac Project\Documents\kicad\Streamer schematic\ControlBoardTiny\tinyControlBoard\70246-4001.asm
|--+Total Parts: 0
|--+Assemblies: 0
|--+Solid Bodies: 0
|--+Sheet Bodies: 0
|--+End Assembly: 2
|--+Begin Assembly: 2
|--+Reusing File C:\Users\antho\Documents\StreamerDac Project\Documents\kicad\Streamer schematic\ControlBoardTiny\tinyControlBoard\TC33X-2-502G.asm
|--+Total Parts: 0
|--+Assemblies: 0
|--+Solid Bodies: 0
|--+Sheet Bodies: 0
|--+End Assembly: 2
|--+Begin Assembly: 2
|--+Reusing File C:\Users\antho\Documents\StreamerDac Project\Documents\kicad\Streamer schematic\ControlBoardTiny\tinyControlBoard\TC33X-2-502G.asm
|--+Total Parts: 0
|--+Assemblies: 0
|--+Solid Bodies: 0
|--+Sheet Bodies: 0
|--+End Assembly: 2
|--+Begin Assembly: 2
|--+Reusing File C:\Users\antho\Documents\StreamerDac Project\Documents\kicad\Streamer schematic\ControlBoardTiny\tinyControlBoard\C_0603_1608Metric.asm
|--+Total Parts: 0
|--+Assemblies: 0
|--+Solid Bodies: 0
|--+Sheet Bodies: 0
|--+End Assembly: 2
|--+Begin Assembly: 2
|--+Created SE Assembly File C:\Users\antho\Documents\StreamerDac Project\Documents\kicad\Streamer schematic\ControlBoardTiny\tinyControlBoard\USB_C_Receptacle_GCT_USB4105-xx-A_16P_TopMnt_Horizontal_0.asm
|  |--+Created SE Part File C:\Users\antho\Documents\StreamerDac Project\Documents\kicad\Streamer schematic\ControlBoardTiny\tinyControlBoard\USB_C_Receptacle_16P_TopMnt_Horizontal_GCT_USB4105-xx-A_0.par
|--+Total Parts: 72
|--+Assemblies: 0
|--+Solid Bodies: 72
|--+Sheet Bodies: 0
|--+End Assembly: 2
|--+Created SE Part File C:\Users\antho\Documents\StreamerDac Project\Documents\kicad\Streamer schematic\ControlBoardTiny\tinyControlBoard\tinyControlBoard_PCB_0.par
+Total Parts: 19
+Assemblies: 17
+Solid Bodies: 2
+Sheet Bodies: 0
+End Assembly: 1
Translation process completed
Total time required to translate and post process:00 : 00 : 10
