STEP translation to Solid Edge
Date: Saturday,June 21,2025 09:15PM
Source File: C:\Users\antho\Documents\StreamerDac Project\Documents\kicad\Streamer schematic\ControlBoardTiny\tinyControlBoard\Protodac\protodac Board\protodac Board.step
Author: Pcbnew
Organization: Kicad
Source System: KiCad to STEP converter

Hardware:
Processor: Intel(R) Core(TM) i7-6700K CPU @ 4.00GHz
Operating System: Windows 10 Professional Version:22H2 Build:19045 System Type:64-bit
Installed Memory: 31.92 GB

Software Information
Parasolid Version: 36.0.142
PSBodyShop Version: 36.0.108
Step Adapter Version: 13.0.163
Solid Edge Version: 224.00.00.101 x64

Step Import Options
Import Faceted Bodies: On
Import Check Bodies: Off
Import Curves: On
Import DoNotSave: On
Import Multiple Bodies As Single Part File: On
Import Optimize:Off
Import Stitch Surfaces: On
Import Boolean Solids: On
Make Base Feature: On
Simplify Geometry: On
Import Imprint Curves: On
Import Drive: C:
Import Stitch Surfaces: On
Import Surfaces: On
Import Output Path: C:\Users\antho\Documents\StreamerDac Project\Documents\kicad\Streamer schematic\ControlBoardTiny\tinyControlBoard\Protodac\protodac Board
Import Enable Default Output Path: On
Import PMI: Off
Import As Internal Components: Off
Import Path: 

Translating to Parasolid data types...
+Begin Assembly: 1
+Created SE Assembly File C:\Users\antho\Documents\StreamerDac Project\Documents\kicad\Streamer schematic\ControlBoardTiny\tinyControlBoard\Protodac\protodac Board\protodac Board.asm
|--+Begin Assembly: 2
|--+Created SE Assembly File C:\Users\antho\Documents\StreamerDac Project\Documents\kicad\Streamer schematic\ControlBoardTiny\tinyControlBoard\Protodac\protodac Board\Y0007400R000V0L_2.asm
|  |--+Created SE Part File C:\Users\antho\Documents\StreamerDac Project\Documents\kicad\Streamer schematic\ControlBoardTiny\tinyControlBoard\Protodac\protodac Board\ASSEMBLY_7.par
|--+Total Parts: 6
|--+Assemblies: 0
|--+Solid Bodies: 6
|--+Sheet Bodies: 0
|--+End Assembly: 2
|--+Begin Assembly: 2
|--+Created SE Assembly File C:\Users\antho\Documents\StreamerDac Project\Documents\kicad\Streamer schematic\ControlBoardTiny\tinyControlBoard\Protodac\protodac Board\1725672_2.asm
|  |--+Created SE Part File C:\Users\antho\Documents\StreamerDac Project\Documents\kicad\Streamer schematic\ControlBoardTiny\tinyControlBoard\Protodac\protodac Board\1725672_2.par
|--+Total Parts: 2
|--+Assemblies: 0
|--+Solid Bodies: 2
|--+Sheet Bodies: 0
|--+End Assembly: 2
|--+Begin Assembly: 2
|--+Reusing File C:\Users\antho\Documents\StreamerDac Project\Documents\kicad\Streamer schematic\ControlBoardTiny\tinyControlBoard\Protodac\protodac Board\1725672.asm
|--+Total Parts: 0
|--+Assemblies: 0
|--+Solid Bodies: 0
|--+Sheet Bodies: 0
|--+End Assembly: 2
|--+Begin Assembly: 2
|--+Created SE Assembly File C:\Users\antho\Documents\StreamerDac Project\Documents\kicad\Streamer schematic\ControlBoardTiny\tinyControlBoard\Protodac\protodac Board\U.FL-R-SMT-1_80__2.asm
|  |--+Created SE Part File C:\Users\antho\Documents\StreamerDac Project\Documents\kicad\Streamer schematic\ControlBoardTiny\tinyControlBoard\Protodac\protodac Board\U.FL-R-SMT-1_2.par
|--+Total Parts: 2
|--+Assemblies: 0
|--+Solid Bodies: 2
|--+Sheet Bodies: 0
|--+End Assembly: 2
|--+Begin Assembly: 2
|--+Created SE Assembly File C:\Users\antho\Documents\StreamerDac Project\Documents\kicad\Streamer schematic\ControlBoardTiny\tinyControlBoard\Protodac\protodac Board\tda1387_2.asm
|  |--+Created SE Part File C:\Users\antho\Documents\StreamerDac Project\Documents\kicad\Streamer schematic\ControlBoardTiny\tinyControlBoard\Protodac\protodac Board\tda1387_2.par
|--+Total Parts: 150
|--+Assemblies: 0
|--+Solid Bodies: 150
|--+Sheet Bodies: 0
|--+End Assembly: 2
|--+Begin Assembly: 2
|--+Created SE Assembly File C:\Users\antho\Documents\StreamerDac Project\Documents\kicad\Streamer schematic\ControlBoardTiny\tinyControlBoard\Protodac\protodac Board\K104K20X7RK53H5G_2.asm
|  |--+Created SE Part File C:\Users\antho\Documents\StreamerDac Project\Documents\kicad\Streamer schematic\ControlBoardTiny\tinyControlBoard\Protodac\protodac Board\ASSEMBLY_8.par
|--+Total Parts: 6
|--+Assemblies: 0
|--+Solid Bodies: 6
|--+Sheet Bodies: 0
|--+End Assembly: 2
|--+Begin Assembly: 2
|--+Reusing File C:\Users\antho\Documents\StreamerDac Project\Documents\kicad\Streamer schematic\ControlBoardTiny\tinyControlBoard\Protodac\protodac Board\U.FL-R-SMT-1_80_.asm
|--+Total Parts: 0
|--+Assemblies: 0
|--+Solid Bodies: 0
|--+Sheet Bodies: 0
|--+End Assembly: 2
|--+Begin Assembly: 2
|--+Created SE Assembly File C:\Users\antho\Documents\StreamerDac Project\Documents\kicad\Streamer schematic\ControlBoardTiny\tinyControlBoard\Protodac\protodac Board\ERJ-H3EF4300V_1.asm
|  |--+Created SE Part File C:\Users\antho\Documents\StreamerDac Project\Documents\kicad\Streamer schematic\ControlBoardTiny\tinyControlBoard\Protodac\protodac Board\ASSEMBLY_9.par
|--+Total Parts: 8
|--+Assemblies: 0
|--+Solid Bodies: 8
|--+Sheet Bodies: 0
|--+End Assembly: 2
|--+Begin Assembly: 2
|--+Reusing File C:\Users\antho\Documents\StreamerDac Project\Documents\kicad\Streamer schematic\ControlBoardTiny\tinyControlBoard\Protodac\protodac Board\ERJ-H3EF4300V.asm
|--+Total Parts: 0
|--+Assemblies: 0
|--+Solid Bodies: 0
|--+Sheet Bodies: 0
|--+End Assembly: 2
|--+Begin Assembly: 2
|--+Reusing File C:\Users\antho\Documents\StreamerDac Project\Documents\kicad\Streamer schematic\ControlBoardTiny\tinyControlBoard\Protodac\protodac Board\Y0007400R000V0L.asm
|--+Total Parts: 0
|--+Assemblies: 0
|--+Solid Bodies: 0
|--+Sheet Bodies: 0
|--+End Assembly: 2
|--+Begin Assembly: 2
|--+Reusing File C:\Users\antho\Documents\StreamerDac Project\Documents\kicad\Streamer schematic\ControlBoardTiny\tinyControlBoard\Protodac\protodac Board\ERJ-H3EF4300V.asm
|--+Total Parts: 0
|--+Assemblies: 0
|--+Solid Bodies: 0
|--+Sheet Bodies: 0
|--+End Assembly: 2
|--+Begin Assembly: 2
|--+Reusing File C:\Users\antho\Documents\StreamerDac Project\Documents\kicad\Streamer schematic\ControlBoardTiny\tinyControlBoard\Protodac\protodac Board\ERJ-H3EF4300V.asm
|--+Total Parts: 0
|--+Assemblies: 0
|--+Solid Bodies: 0
|--+Sheet Bodies: 0
|--+End Assembly: 2
|--+Begin Assembly: 2
|--+Reusing File C:\Users\antho\Documents\StreamerDac Project\Documents\kicad\Streamer schematic\ControlBoardTiny\tinyControlBoard\Protodac\protodac Board\ERJ-H3EF4300V.asm
|--+Total Parts: 0
|--+Assemblies: 0
|--+Solid Bodies: 0
|--+Sheet Bodies: 0
|--+End Assembly: 2
|--+Begin Assembly: 2
|--+Reusing File C:\Users\antho\Documents\StreamerDac Project\Documents\kicad\Streamer schematic\ControlBoardTiny\tinyControlBoard\Protodac\protodac Board\ERJ-H3EF4300V.asm
|--+Total Parts: 0
|--+Assemblies: 0
|--+Solid Bodies: 0
|--+Sheet Bodies: 0
|--+End Assembly: 2
|--+Begin Assembly: 2
|--+Reusing File C:\Users\antho\Documents\StreamerDac Project\Documents\kicad\Streamer schematic\ControlBoardTiny\tinyControlBoard\Protodac\protodac Board\1725672.asm
|--+Total Parts: 0
|--+Assemblies: 0
|--+Solid Bodies: 0
|--+Sheet Bodies: 0
|--+End Assembly: 2
|--+Begin Assembly: 2
|--+Reusing File C:\Users\antho\Documents\StreamerDac Project\Documents\kicad\Streamer schematic\ControlBoardTiny\tinyControlBoard\Protodac\protodac Board\U.FL-R-SMT-1_80_.asm
|--+Total Parts: 0
|--+Assemblies: 0
|--+Solid Bodies: 0
|--+Sheet Bodies: 0
|--+End Assembly: 2
|--+Begin Assembly: 2
|--+Created SE Assembly File C:\Users\antho\Documents\StreamerDac Project\Documents\kicad\Streamer schematic\ControlBoardTiny\tinyControlBoard\Protodac\protodac Board\CP_Radial_D16.0mm_P7.50mm_2.asm
|  |--+Created SE Part File C:\Users\antho\Documents\StreamerDac Project\Documents\kicad\Streamer schematic\ControlBoardTiny\tinyControlBoard\Protodac\protodac Board\CP_Radial_D160mm_P750mm_2.par
|--+Total Parts: 2
|--+Assemblies: 0
|--+Solid Bodies: 2
|--+Sheet Bodies: 0
|--+End Assembly: 2
|--+Begin Assembly: 2
|--+Reusing File C:\Users\antho\Documents\StreamerDac Project\Documents\kicad\Streamer schematic\ControlBoardTiny\tinyControlBoard\Protodac\protodac Board\CP_Radial_D16.0mm_P7.50mm.asm
|--+Total Parts: 0
|--+Assemblies: 0
|--+Solid Bodies: 0
|--+Sheet Bodies: 0
|--+End Assembly: 2
|--+Begin Assembly: 2
|--+Created SE Assembly File C:\Users\antho\Documents\StreamerDac Project\Documents\kicad\Streamer schematic\ControlBoardTiny\tinyControlBoard\Protodac\protodac Board\clarity cap_2.asm
|  |--+Created SE Part File C:\Users\antho\Documents\StreamerDac Project\Documents\kicad\Streamer schematic\ControlBoardTiny\tinyControlBoard\Protodac\protodac Board\clarity cap_2.par
|--+Total Parts: 2
|--+Assemblies: 0
|--+Solid Bodies: 2
|--+Sheet Bodies: 0
|--+End Assembly: 2
|--+Begin Assembly: 2
|--+Reusing File C:\Users\antho\Documents\StreamerDac Project\Documents\kicad\Streamer schematic\ControlBoardTiny\tinyControlBoard\Protodac\protodac Board\clarity cap.asm
|--+Total Parts: 0
|--+Assemblies: 0
|--+Solid Bodies: 0
|--+Sheet Bodies: 0
|--+End Assembly: 2
|--+Created SE Part File C:\Users\antho\Documents\StreamerDac Project\Documents\kicad\Streamer schematic\ControlBoardTiny\tinyControlBoard\Protodac\protodac Board\protodac Board_PCB_2.par
+Total Parts: 10
+Assemblies: 8
+Solid Bodies: 2
+Sheet Bodies: 0
+End Assembly: 1
Translation process completed
Total time required to translate and post process:00 : 00 : 03
