STEP translation to Solid Edge
Date: Saturday,June 21,2025 09:14PM
Source File: C:\Users\antho\Documents\StreamerDac Project\Documents\kicad\Streamer schematic\ControlBoardTiny\tinyControlBoard\Diff_to_singleEnded\Diff_to_singleEnded.step
Author: Pcbnew
Organization: Kicad
Source System: KiCad to STEP converter

Hardware:
Processor: Intel(R) Core(TM) i7-6700K CPU @ 4.00GHz
Operating System: Windows 10 Professional Version:22H2 Build:19045 System Type:64-bit
Installed Memory: 31.92 GB

Software Information
Parasolid Version: 36.0.142
PSBodyShop Version: 36.0.108
Step Adapter Version: 13.0.163
Solid Edge Version: 224.00.00.101 x64

Step Import Options
Import Faceted Bodies: On
Import Check Bodies: Off
Import Curves: On
Import DoNotSave: On
Import Multiple Bodies As Single Part File: On
Import Optimize:Off
Import Stitch Surfaces: On
Import Boolean Solids: On
Make Base Feature: On
Simplify Geometry: On
Import Imprint Curves: On
Import Drive: C:
Import Stitch Surfaces: On
Import Surfaces: On
Import Output Path: C:\Users\antho\Documents\StreamerDac Project\Documents\kicad\Streamer schematic\ControlBoardTiny\tinyControlBoard\Diff_to_singleEnded
Import Enable Default Output Path: On
Import PMI: Off
Import As Internal Components: Off
Import Path: 

Translating to Parasolid data types...
+Begin Assembly: 1
+Created SE Assembly File C:\Users\antho\Documents\StreamerDac Project\Documents\kicad\Streamer schematic\ControlBoardTiny\tinyControlBoard\Diff_to_singleEnded\Diff_to_singleEnded.asm
|--+Begin Assembly: 2
|--+Created SE Assembly File C:\Users\antho\Documents\StreamerDac Project\Documents\kicad\Streamer schematic\ControlBoardTiny\tinyControlBoard\Diff_to_singleEnded\R_0805_2012Metric.asm
|  |--+Created SE Part File C:\Users\antho\Documents\StreamerDac Project\Documents\kicad\Streamer schematic\ControlBoardTiny\tinyControlBoard\Diff_to_singleEnded\R_0805_2012Metric.par
|--+Total Parts: 2
|--+Assemblies: 0
|--+Solid Bodies: 2
|--+Sheet Bodies: 0
|--+End Assembly: 2
|--+Begin Assembly: 2
|--+Created SE Assembly File C:\Users\antho\Documents\StreamerDac Project\Documents\kicad\Streamer schematic\ControlBoardTiny\tinyControlBoard\Diff_to_singleEnded\C_0805_2012Metric.asm
|  |--+Created SE Part File C:\Users\antho\Documents\StreamerDac Project\Documents\kicad\Streamer schematic\ControlBoardTiny\tinyControlBoard\Diff_to_singleEnded\C_0805_2012Metric.par
|--+Total Parts: 2
|--+Assemblies: 0
|--+Solid Bodies: 2
|--+Sheet Bodies: 0
|--+End Assembly: 2
|--+Begin Assembly: 2
|--+Created SE Assembly File C:\Users\antho\Documents\StreamerDac Project\Documents\kicad\Streamer schematic\ControlBoardTiny\tinyControlBoard\Diff_to_singleEnded\R_Axial_DIN0309_L9.0mm_D3.2mm_P12.70mm_Horizontal.asm
|  |--+Created SE Part File C:\Users\antho\Documents\StreamerDac Project\Documents\kicad\Streamer schematic\ControlBoardTiny\tinyControlBoard\Diff_to_singleEnded\R_Axial_DIN0309_L90mm_D32mm_P1270mm_Horizontal.par
|--+Total Parts: 2
|--+Assemblies: 0
|--+Solid Bodies: 2
|--+Sheet Bodies: 0
|--+End Assembly: 2
|--+Begin Assembly: 2
|--+Created SE Assembly File C:\Users\antho\Documents\StreamerDac Project\Documents\kicad\Streamer schematic\ControlBoardTiny\tinyControlBoard\Diff_to_singleEnded\ULN2003ANSRE4.asm
|  |--+Created SE Part File C:\Users\antho\Documents\StreamerDac Project\Documents\kicad\Streamer schematic\ControlBoardTiny\tinyControlBoard\Diff_to_singleEnded\NS0016A_ASM.par
|--+Total Parts: 34
|--+Assemblies: 0
|--+Solid Bodies: 34
|--+Sheet Bodies: 0
|--+End Assembly: 2
|--+Begin Assembly: 2
|--+Reusing File C:\Users\antho\Documents\StreamerDac Project\Documents\kicad\Streamer schematic\ControlBoardTiny\tinyControlBoard\Diff_to_singleEnded\R_Axial_DIN0309_L9.0mm_D3.2mm_P12.70mm_Horizontal.asm
|--+Total Parts: 0
|--+Assemblies: 0
|--+Solid Bodies: 0
|--+Sheet Bodies: 0
|--+End Assembly: 2
|--+Begin Assembly: 2
|--+Created SE Assembly File C:\Users\antho\Documents\StreamerDac Project\Documents\kicad\Streamer schematic\ControlBoardTiny\tinyControlBoard\Diff_to_singleEnded\1725672.asm
|  |--+Created SE Part File C:\Users\antho\Documents\StreamerDac Project\Documents\kicad\Streamer schematic\ControlBoardTiny\tinyControlBoard\Diff_to_singleEnded\1725672.par
|--+Total Parts: 2
|--+Assemblies: 0
|--+Solid Bodies: 2
|--+Sheet Bodies: 0
|--+End Assembly: 2
|--+Begin Assembly: 2
|--+Reusing File C:\Users\antho\Documents\StreamerDac Project\Documents\kicad\Streamer schematic\ControlBoardTiny\tinyControlBoard\Diff_to_singleEnded\R_Axial_DIN0309_L9.0mm_D3.2mm_P12.70mm_Horizontal.asm
|--+Total Parts: 0
|--+Assemblies: 0
|--+Solid Bodies: 0
|--+Sheet Bodies: 0
|--+End Assembly: 2
|--+Begin Assembly: 2
|--+Reusing File C:\Users\antho\Documents\StreamerDac Project\Documents\kicad\Streamer schematic\ControlBoardTiny\tinyControlBoard\Diff_to_singleEnded\R_Axial_DIN0309_L9.0mm_D3.2mm_P12.70mm_Horizontal.asm
|--+Total Parts: 0
|--+Assemblies: 0
|--+Solid Bodies: 0
|--+Sheet Bodies: 0
|--+End Assembly: 2
|--+Begin Assembly: 2
|--+Reusing File C:\Users\antho\Documents\StreamerDac Project\Documents\kicad\Streamer schematic\ControlBoardTiny\tinyControlBoard\Diff_to_singleEnded\R_Axial_DIN0309_L9.0mm_D3.2mm_P12.70mm_Horizontal.asm
|--+Total Parts: 0
|--+Assemblies: 0
|--+Solid Bodies: 0
|--+Sheet Bodies: 0
|--+End Assembly: 2
|--+Begin Assembly: 2
|--+Created SE Assembly File C:\Users\antho\Documents\StreamerDac Project\Documents\kicad\Streamer schematic\ControlBoardTiny\tinyControlBoard\Diff_to_singleEnded\SOIC-8_3.9x4.9mm_P1.27mm.asm
|  |--+Created SE Part File C:\Users\antho\Documents\StreamerDac Project\Documents\kicad\Streamer schematic\ControlBoardTiny\tinyControlBoard\Diff_to_singleEnded\SOIC_8_39x49mm_P127mm.par
|--+Total Parts: 2
|--+Assemblies: 0
|--+Solid Bodies: 2
|--+Sheet Bodies: 0
|--+End Assembly: 2
|--+Begin Assembly: 2
|--+Created SE Assembly File C:\Users\antho\Documents\StreamerDac Project\Documents\kicad\Streamer schematic\ControlBoardTiny\tinyControlBoard\Diff_to_singleEnded\C1210C476M4PAC.asm
|  |--+Created SE Part File C:\Users\antho\Documents\StreamerDac Project\Documents\kicad\Streamer schematic\ControlBoardTiny\tinyControlBoard\Diff_to_singleEnded\CCS_CCSTDNOS_1210_L3.5W2.72T2.8B0.75.par
|--+Total Parts: 8
|--+Assemblies: 0
|--+Solid Bodies: 8
|--+Sheet Bodies: 0
|--+End Assembly: 2
|--+Begin Assembly: 2
|--+Reusing File C:\Users\antho\Documents\StreamerDac Project\Documents\kicad\Streamer schematic\ControlBoardTiny\tinyControlBoard\Diff_to_singleEnded\1725672.asm
|--+Total Parts: 0
|--+Assemblies: 0
|--+Solid Bodies: 0
|--+Sheet Bodies: 0
|--+End Assembly: 2
|--+Begin Assembly: 2
|--+Reusing File C:\Users\antho\Documents\StreamerDac Project\Documents\kicad\Streamer schematic\ControlBoardTiny\tinyControlBoard\Diff_to_singleEnded\C_0805_2012Metric.asm
|--+Total Parts: 0
|--+Assemblies: 0
|--+Solid Bodies: 0
|--+Sheet Bodies: 0
|--+End Assembly: 2
|--+Begin Assembly: 2
|--+Reusing File C:\Users\antho\Documents\StreamerDac Project\Documents\kicad\Streamer schematic\ControlBoardTiny\tinyControlBoard\Diff_to_singleEnded\C_0805_2012Metric.asm
|--+Total Parts: 0
|--+Assemblies: 0
|--+Solid Bodies: 0
|--+Sheet Bodies: 0
|--+End Assembly: 2
|--+Begin Assembly: 2
|--+Reusing File C:\Users\antho\Documents\StreamerDac Project\Documents\kicad\Streamer schematic\ControlBoardTiny\tinyControlBoard\Diff_to_singleEnded\R_Axial_DIN0309_L9.0mm_D3.2mm_P12.70mm_Horizontal.asm
|--+Total Parts: 0
|--+Assemblies: 0
|--+Solid Bodies: 0
|--+Sheet Bodies: 0
|--+End Assembly: 2
|--+Begin Assembly: 2
|--+Reusing File C:\Users\antho\Documents\StreamerDac Project\Documents\kicad\Streamer schematic\ControlBoardTiny\tinyControlBoard\Diff_to_singleEnded\C_0805_2012Metric.asm
|--+Total Parts: 0
|--+Assemblies: 0
|--+Solid Bodies: 0
|--+Sheet Bodies: 0
|--+End Assembly: 2
|--+Begin Assembly: 2
|--+Reusing File C:\Users\antho\Documents\StreamerDac Project\Documents\kicad\Streamer schematic\ControlBoardTiny\tinyControlBoard\Diff_to_singleEnded\1725672.asm
|--+Total Parts: 0
|--+Assemblies: 0
|--+Solid Bodies: 0
|--+Sheet Bodies: 0
|--+End Assembly: 2
|--+Begin Assembly: 2
|--+Reusing File C:\Users\antho\Documents\StreamerDac Project\Documents\kicad\Streamer schematic\ControlBoardTiny\tinyControlBoard\Diff_to_singleEnded\1725672.asm
|--+Total Parts: 0
|--+Assemblies: 0
|--+Solid Bodies: 0
|--+Sheet Bodies: 0
|--+End Assembly: 2
|--+Begin Assembly: 2
|--+Created SE Assembly File C:\Users\antho\Documents\StreamerDac Project\Documents\kicad\Streamer schematic\ControlBoardTiny\tinyControlBoard\Diff_to_singleEnded\C_1206_3216Metric.asm
|  |--+Created SE Part File C:\Users\antho\Documents\StreamerDac Project\Documents\kicad\Streamer schematic\ControlBoardTiny\tinyControlBoard\Diff_to_singleEnded\C_1206_3216Metric.par
|--+Total Parts: 2
|--+Assemblies: 0
|--+Solid Bodies: 2
|--+Sheet Bodies: 0
|--+End Assembly: 2
|--+Begin Assembly: 2
|--+Reusing File C:\Users\antho\Documents\StreamerDac Project\Documents\kicad\Streamer schematic\ControlBoardTiny\tinyControlBoard\Diff_to_singleEnded\C_0805_2012Metric.asm
|--+Total Parts: 0
|--+Assemblies: 0
|--+Solid Bodies: 0
|--+Sheet Bodies: 0
|--+End Assembly: 2
|--+Begin Assembly: 2
|--+Reusing File C:\Users\antho\Documents\StreamerDac Project\Documents\kicad\Streamer schematic\ControlBoardTiny\tinyControlBoard\Diff_to_singleEnded\R_0805_2012Metric.asm
|--+Total Parts: 0
|--+Assemblies: 0
|--+Solid Bodies: 0
|--+Sheet Bodies: 0
|--+End Assembly: 2
|--+Begin Assembly: 2
|--+Reusing File C:\Users\antho\Documents\StreamerDac Project\Documents\kicad\Streamer schematic\ControlBoardTiny\tinyControlBoard\Diff_to_singleEnded\C_0805_2012Metric.asm
|--+Total Parts: 0
|--+Assemblies: 0
|--+Solid Bodies: 0
|--+Sheet Bodies: 0
|--+End Assembly: 2
|--+Begin Assembly: 2
|--+Reusing File C:\Users\antho\Documents\StreamerDac Project\Documents\kicad\Streamer schematic\ControlBoardTiny\tinyControlBoard\Diff_to_singleEnded\C_0805_2012Metric.asm
|--+Total Parts: 0
|--+Assemblies: 0
|--+Solid Bodies: 0
|--+Sheet Bodies: 0
|--+End Assembly: 2
|--+Begin Assembly: 2
|--+Reusing File C:\Users\antho\Documents\StreamerDac Project\Documents\kicad\Streamer schematic\ControlBoardTiny\tinyControlBoard\Diff_to_singleEnded\R_0805_2012Metric.asm
|--+Total Parts: 0
|--+Assemblies: 0
|--+Solid Bodies: 0
|--+Sheet Bodies: 0
|--+End Assembly: 2
|--+Begin Assembly: 2
|--+Reusing File C:\Users\antho\Documents\StreamerDac Project\Documents\kicad\Streamer schematic\ControlBoardTiny\tinyControlBoard\Diff_to_singleEnded\1725672.asm
|--+Total Parts: 0
|--+Assemblies: 0
|--+Solid Bodies: 0
|--+Sheet Bodies: 0
|--+End Assembly: 2
|--+Begin Assembly: 2
|--+Reusing File C:\Users\antho\Documents\StreamerDac Project\Documents\kicad\Streamer schematic\ControlBoardTiny\tinyControlBoard\Diff_to_singleEnded\C_0805_2012Metric.asm
|--+Total Parts: 0
|--+Assemblies: 0
|--+Solid Bodies: 0
|--+Sheet Bodies: 0
|--+End Assembly: 2
|--+Begin Assembly: 2
|--+Reusing File C:\Users\antho\Documents\StreamerDac Project\Documents\kicad\Streamer schematic\ControlBoardTiny\tinyControlBoard\Diff_to_singleEnded\C_0805_2012Metric.asm
|--+Total Parts: 0
|--+Assemblies: 0
|--+Solid Bodies: 0
|--+Sheet Bodies: 0
|--+End Assembly: 2
|--+Begin Assembly: 2
|--+Reusing File C:\Users\antho\Documents\StreamerDac Project\Documents\kicad\Streamer schematic\ControlBoardTiny\tinyControlBoard\Diff_to_singleEnded\R_0805_2012Metric.asm
|--+Total Parts: 0
|--+Assemblies: 0
|--+Solid Bodies: 0
|--+Sheet Bodies: 0
|--+End Assembly: 2
|--+Begin Assembly: 2
|--+Reusing File C:\Users\antho\Documents\StreamerDac Project\Documents\kicad\Streamer schematic\ControlBoardTiny\tinyControlBoard\Diff_to_singleEnded\R_Axial_DIN0309_L9.0mm_D3.2mm_P12.70mm_Horizontal.asm
|--+Total Parts: 0
|--+Assemblies: 0
|--+Solid Bodies: 0
|--+Sheet Bodies: 0
|--+End Assembly: 2
|--+Begin Assembly: 2
|--+Reusing File C:\Users\antho\Documents\StreamerDac Project\Documents\kicad\Streamer schematic\ControlBoardTiny\tinyControlBoard\Diff_to_singleEnded\R_Axial_DIN0309_L9.0mm_D3.2mm_P12.70mm_Horizontal.asm
|--+Total Parts: 0
|--+Assemblies: 0
|--+Solid Bodies: 0
|--+Sheet Bodies: 0
|--+End Assembly: 2
|--+Begin Assembly: 2
|--+Reusing File C:\Users\antho\Documents\StreamerDac Project\Documents\kicad\Streamer schematic\ControlBoardTiny\tinyControlBoard\Diff_to_singleEnded\C_0805_2012Metric.asm
|--+Total Parts: 0
|--+Assemblies: 0
|--+Solid Bodies: 0
|--+Sheet Bodies: 0
|--+End Assembly: 2
|--+Begin Assembly: 2
|--+Reusing File C:\Users\antho\Documents\StreamerDac Project\Documents\kicad\Streamer schematic\ControlBoardTiny\tinyControlBoard\Diff_to_singleEnded\SOIC-8_3.9x4.9mm_P1.27mm.asm
|--+Total Parts: 0
|--+Assemblies: 0
|--+Solid Bodies: 0
|--+Sheet Bodies: 0
|--+End Assembly: 2
|--+Begin Assembly: 2
|--+Reusing File C:\Users\antho\Documents\StreamerDac Project\Documents\kicad\Streamer schematic\ControlBoardTiny\tinyControlBoard\Diff_to_singleEnded\C_1206_3216Metric.asm
|--+Total Parts: 0
|--+Assemblies: 0
|--+Solid Bodies: 0
|--+Sheet Bodies: 0
|--+End Assembly: 2
|--+Begin Assembly: 2
|--+Reusing File C:\Users\antho\Documents\StreamerDac Project\Documents\kicad\Streamer schematic\ControlBoardTiny\tinyControlBoard\Diff_to_singleEnded\R_Axial_DIN0309_L9.0mm_D3.2mm_P12.70mm_Horizontal.asm
|--+Total Parts: 0
|--+Assemblies: 0
|--+Solid Bodies: 0
|--+Sheet Bodies: 0
|--+End Assembly: 2
|--+Begin Assembly: 2
|--+Reusing File C:\Users\antho\Documents\StreamerDac Project\Documents\kicad\Streamer schematic\ControlBoardTiny\tinyControlBoard\Diff_to_singleEnded\C1210C476M4PAC.asm
|--+Total Parts: 0
|--+Assemblies: 0
|--+Solid Bodies: 0
|--+Sheet Bodies: 0
|--+End Assembly: 2
|--+Begin Assembly: 2
|--+Reusing File C:\Users\antho\Documents\StreamerDac Project\Documents\kicad\Streamer schematic\ControlBoardTiny\tinyControlBoard\Diff_to_singleEnded\C_0805_2012Metric.asm
|--+Total Parts: 0
|--+Assemblies: 0
|--+Solid Bodies: 0
|--+Sheet Bodies: 0
|--+End Assembly: 2
|--+Begin Assembly: 2
|--+Reusing File C:\Users\antho\Documents\StreamerDac Project\Documents\kicad\Streamer schematic\ControlBoardTiny\tinyControlBoard\Diff_to_singleEnded\1725672.asm
|--+Total Parts: 0
|--+Assemblies: 0
|--+Solid Bodies: 0
|--+Sheet Bodies: 0
|--+End Assembly: 2
|--+Begin Assembly: 2
|--+Reusing File C:\Users\antho\Documents\StreamerDac Project\Documents\kicad\Streamer schematic\ControlBoardTiny\tinyControlBoard\Diff_to_singleEnded\SOIC-8_3.9x4.9mm_P1.27mm.asm
|--+Total Parts: 0
|--+Assemblies: 0
|--+Solid Bodies: 0
|--+Sheet Bodies: 0
|--+End Assembly: 2
|--+Begin Assembly: 2
|--+Created SE Assembly File C:\Users\antho\Documents\StreamerDac Project\Documents\kicad\Streamer schematic\ControlBoardTiny\tinyControlBoard\Diff_to_singleEnded\EE2-5NU.asm
|  |--+Created SE Part File C:\Users\antho\Documents\StreamerDac Project\Documents\kicad\Streamer schematic\ControlBoardTiny\tinyControlBoard\Diff_to_singleEnded\IR_TEE2STD_L15W7.5H10LL1.2.par
|--+Total Parts: 2
|--+Assemblies: 0
|--+Solid Bodies: 2
|--+Sheet Bodies: 0
|--+End Assembly: 2
|--+Begin Assembly: 2
|--+Reusing File C:\Users\antho\Documents\StreamerDac Project\Documents\kicad\Streamer schematic\ControlBoardTiny\tinyControlBoard\Diff_to_singleEnded\R_Axial_DIN0309_L9.0mm_D3.2mm_P12.70mm_Horizontal.asm
|--+Total Parts: 0
|--+Assemblies: 0
|--+Solid Bodies: 0
|--+Sheet Bodies: 0
|--+End Assembly: 2
|--+Begin Assembly: 2
|--+Reusing File C:\Users\antho\Documents\StreamerDac Project\Documents\kicad\Streamer schematic\ControlBoardTiny\tinyControlBoard\Diff_to_singleEnded\1725672.asm
|--+Total Parts: 0
|--+Assemblies: 0
|--+Solid Bodies: 0
|--+Sheet Bodies: 0
|--+End Assembly: 2
|--+Created SE Part File C:\Users\antho\Documents\StreamerDac Project\Documents\kicad\Streamer schematic\ControlBoardTiny\tinyControlBoard\Diff_to_singleEnded\_autosave-Diff_to_singleEnded_PCB.par
+Total Parts: 11
+Assemblies: 9
+Solid Bodies: 2
+Sheet Bodies: 0
+End Assembly: 1
Translation process completed
Total time required to translate and post process:00 : 00 : 03
